{"level":30,"time":"08:07:45.202","app":"TikTokCrawlerMaster","logger":"MasterWorker","enabled":true,"seedsCount":5,"msg":"MASTER_WORKER_STARTING"}
{"level":30,"time":"08:07:45.203","app":"TikTokCrawlerMaster","logger":"MasterWorker","totalLimit":100,"perWorkerLimit":20,"totalWorkers":5,"msg":"DISTRIBUTING_CRAWL_LIMIT"}
{"level":30,"time":"08:07:45.203","app":"TikTokCrawlerMaster","logger":"MasterWorker","seedUrl":"https://www.tiktok.com/@anhemtv.vn","limit":20,"msg":"SPAWNED_WORKER_FOR_CHANNEL"}
{"level":30,"time":"08:07:45.203","app":"TikTokCrawlerMaster","logger":"MasterWorker","seedUrl":"https://www.tiktok.com/@ainius.net","limit":20,"msg":"SPAWNED_WORKER_FOR_CHANNEL"}
{"level":30,"time":"08:07:45.204","app":"TikTokCrawlerMaster","logger":"MasterWorker","seedUrl":"https://www.tiktok.com/@vinhtech","limit":20,"msg":"SPAWNED_WORKER_FOR_CHANNEL"}
{"level":30,"time":"08:07:45.205","app":"TikTokCrawlerMaster","logger":"MasterWorker","seedUrl":"https://www.tiktok.com/@caocuongvu","limit":20,"msg":"SPAWNED_WORKER_FOR_CHANNEL"}
{"level":30,"time":"08:07:45.207","app":"TikTokCrawlerMaster","logger":"MasterWorker","seedUrl":"https://www.tiktok.com/@venessashop","limit":20,"msg":"SPAWNED_WORKER_FOR_CHANNEL"}
{"level":30,"time":"08:07:45.265","app":"TikTokCrawlerMaster","logger":"Worker-@anhemtv.vn","seedUrl":"https://www.tiktok.com/@anhemtv.vn","limit":20,"crawlIntervalSec":1800,"cleanupIntervalSec":3600,"msg":"CRAWLER_WORKER_STARTED"}
{"level":30,"time":"08:07:45.272","app":"TikTokCrawlerMaster","logger":"Worker-@anhemtv.vn","seedUrl":"https://www.tiktok.com/@anhemtv.vn","limit":20,"msg":"CRAWL_TIKTOK_START"}
{"level":30,"time":"08:07:45.319","app":"TikTokCrawlerMaster","logger":"Worker-@ainius.net","seedUrl":"https://www.tiktok.com/@ainius.net","limit":20,"crawlIntervalSec":1800,"cleanupIntervalSec":3600,"msg":"CRAWLER_WORKER_STARTED"}
{"level":30,"time":"08:07:45.320","app":"TikTokCrawlerMaster","logger":"Worker-@vinhtech","seedUrl":"https://www.tiktok.com/@vinhtech","limit":20,"crawlIntervalSec":1800,"cleanupIntervalSec":3600,"msg":"CRAWLER_WORKER_STARTED"}
{"level":30,"time":"08:07:45.324","app":"TikTokCrawlerMaster","logger":"Worker-@caocuongvu","seedUrl":"https://www.tiktok.com/@caocuongvu","limit":20,"crawlIntervalSec":1800,"cleanupIntervalSec":3600,"msg":"CRAWLER_WORKER_STARTED"}
{"level":30,"time":"08:07:45.325","app":"TikTokCrawlerMaster","logger":"Worker-@ainius.net","seedUrl":"https://www.tiktok.com/@ainius.net","limit":20,"msg":"CRAWL_TIKTOK_START"}
{"level":30,"time":"08:07:45.340","app":"TikTokCrawlerMaster","logger":"Worker-@vinhtech","seedUrl":"https://www.tiktok.com/@vinhtech","limit":20,"msg":"CRAWL_TIKTOK_START"}
{"level":30,"time":"08:07:45.354","app":"TikTokCrawlerMaster","logger":"Worker-@venessashop","seedUrl":"https://www.tiktok.com/@venessashop","limit":20,"crawlIntervalSec":1800,"cleanupIntervalSec":3600,"msg":"CRAWLER_WORKER_STARTED"}
{"level":30,"time":"08:07:45.355","app":"TikTokCrawlerMaster","logger":"Worker-@caocuongvu","seedUrl":"https://www.tiktok.com/@caocuongvu","limit":20,"msg":"CRAWL_TIKTOK_START"}
{"level":30,"time":"08:07:45.380","app":"TikTokCrawlerMaster","logger":"Worker-@venessashop","seedUrl":"https://www.tiktok.com/@venessashop","limit":20,"msg":"CRAWL_TIKTOK_START"}
{"level":30,"time":"08:10:00.979","app":"TikTokCrawlerMaster","logger":"Worker-@venessashop","seedUrl":"https://www.tiktok.com/@venessashop","savedCount":0,"msg":"CRAWL_TIKTOK_COMPLETE"}
{"level":30,"time":"08:10:01.167","app":"TikTokCrawlerMaster","logger":"Worker-@anhemtv.vn","seedUrl":"https://www.tiktok.com/@anhemtv.vn","savedCount":0,"msg":"CRAWL_TIKTOK_COMPLETE"}
{"level":30,"time":"08:10:01.199","app":"TikTokCrawlerMaster","logger":"Worker-@vinhtech","seedUrl":"https://www.tiktok.com/@vinhtech","savedCount":0,"msg":"CRAWL_TIKTOK_COMPLETE"}
{"level":30,"time":"08:10:01.200","app":"TikTokCrawlerMaster","logger":"Worker-@caocuongvu","seedUrl":"https://www.tiktok.com/@caocuongvu","savedCount":0,"msg":"CRAWL_TIKTOK_COMPLETE"}
{"level":30,"time":"08:10:01.372","app":"TikTokCrawlerMaster","logger":"Worker-@ainius.net","seedUrl":"https://www.tiktok.com/@ainius.net","savedCount":0,"msg":"CRAWL_TIKTOK_COMPLETE"}
{"level":30,"time":"08:13:08.608","app":"TikTokCrawlerMaster","logger":"MasterWorker","enabled":true,"seedsCount":10,"msg":"MASTER_WORKER_STARTING"}
{"level":30,"time":"08:13:08.608","app":"TikTokCrawlerMaster","logger":"MasterWorker","totalLimit":100,"perWorkerLimit":10,"totalWorkers":10,"msg":"DISTRIBUTING_CRAWL_LIMIT"}
{"level":30,"time":"08:13:08.609","app":"TikTokCrawlerMaster","logger":"MasterWorker","seedUrl":"https://www.tiktok.com/@vtv24news","limit":10,"msg":"SPAWNED_WORKER_FOR_CHANNEL"}
{"level":30,"time":"08:13:08.609","app":"TikTokCrawlerMaster","logger":"MasterWorker","seedUrl":"https://www.tiktok.com/@lattemeomap","limit":10,"msg":"SPAWNED_WORKER_FOR_CHANNEL"}
{"level":30,"time":"08:13:08.609","app":"TikTokCrawlerMaster","logger":"MasterWorker","seedUrl":"https://www.tiktok.com/@_971218","limit":10,"msg":"SPAWNED_WORKER_FOR_CHANNEL"}
{"level":30,"time":"08:13:08.610","app":"TikTokCrawlerMaster","logger":"MasterWorker","seedUrl":"https://www.tiktok.com/@iam_bigboss.ss","limit":10,"msg":"SPAWNED_WORKER_FOR_CHANNEL"}
{"level":30,"time":"08:13:08.611","app":"TikTokCrawlerMaster","logger":"MasterWorker","seedUrl":"https://www.tiktok.com/@nghevanoi","limit":10,"msg":"SPAWNED_WORKER_FOR_CHANNEL"}
{"level":30,"time":"08:13:08.612","app":"TikTokCrawlerMaster","logger":"MasterWorker","seedUrl":"https://www.tiktok.com/@meochanhcho1","limit":10,"msg":"SPAWNED_WORKER_FOR_CHANNEL"}
{"level":30,"time":"08:13:08.613","app":"TikTokCrawlerMaster","logger":"MasterWorker","seedUrl":"https://www.tiktok.com/@mohonaudio0","limit":10,"msg":"SPAWNED_WORKER_FOR_CHANNEL"}
{"level":30,"time":"08:13:08.613","app":"TikTokCrawlerMaster","logger":"MasterWorker","seedUrl":"https://www.tiktok.com/@chuyendong24hnews","limit":10,"msg":"SPAWNED_WORKER_FOR_CHANNEL"}
{"level":30,"time":"08:13:08.614","app":"TikTokCrawlerMaster","logger":"MasterWorker","seedUrl":"https://www.tiktok.com/@theanh28entertainment","limit":10,"msg":"SPAWNED_WORKER_FOR_CHANNEL"}
{"level":30,"time":"08:13:08.614","app":"TikTokCrawlerMaster","logger":"MasterWorker","seedUrl":"https://www.tiktok.com/@bevietnamese1","limit":10,"msg":"SPAWNED_WORKER_FOR_CHANNEL"}
{"level":30,"time":"08:13:08.658","app":"TikTokCrawlerMaster","logger":"Worker-@vtv24news","seedUrl":"https://www.tiktok.com/@vtv24news","limit":10,"crawlIntervalSec":1800,"cleanupIntervalSec":3600,"msg":"CRAWLER_WORKER_STARTED"}
{"level":30,"time":"08:13:08.665","app":"TikTokCrawlerMaster","logger":"Worker-@vtv24news","seedUrl":"https://www.tiktok.com/@vtv24news","limit":10,"msg":"CRAWL_TIKTOK_START"}
{"level":30,"time":"08:13:08.693","app":"TikTokCrawlerMaster","logger":"Worker-@lattemeomap","seedUrl":"https://www.tiktok.com/@lattemeomap","limit":10,"crawlIntervalSec":1800,"cleanupIntervalSec":3600,"msg":"CRAWLER_WORKER_STARTED"}
{"level":30,"time":"08:13:08.694","app":"TikTokCrawlerMaster","logger":"Worker-@_971218","seedUrl":"https://www.tiktok.com/@_971218","limit":10,"crawlIntervalSec":1800,"cleanupIntervalSec":3600,"msg":"CRAWLER_WORKER_STARTED"}
{"level":30,"time":"08:13:08.695","app":"TikTokCrawlerMaster","logger":"Worker-@iam_bigboss.ss","seedUrl":"https://www.tiktok.com/@iam_bigboss.ss","limit":10,"crawlIntervalSec":1800,"cleanupIntervalSec":3600,"msg":"CRAWLER_WORKER_STARTED"}
{"level":30,"time":"08:13:08.695","app":"TikTokCrawlerMaster","logger":"Worker-@nghevanoi","seedUrl":"https://www.tiktok.com/@nghevanoi","limit":10,"crawlIntervalSec":1800,"cleanupIntervalSec":3600,"msg":"CRAWLER_WORKER_STARTED"}
{"level":30,"time":"08:13:08.696","app":"TikTokCrawlerMaster","logger":"Worker-@meochanhcho1","seedUrl":"https://www.tiktok.com/@meochanhcho1","limit":10,"crawlIntervalSec":1800,"cleanupIntervalSec":3600,"msg":"CRAWLER_WORKER_STARTED"}
{"level":30,"time":"08:13:08.697","app":"TikTokCrawlerMaster","logger":"Worker-@mohonaudio0","seedUrl":"https://www.tiktok.com/@mohonaudio0","limit":10,"crawlIntervalSec":1800,"cleanupIntervalSec":3600,"msg":"CRAWLER_WORKER_STARTED"}
{"level":30,"time":"08:13:08.698","app":"TikTokCrawlerMaster","logger":"Worker-@chuyendong24hnews","seedUrl":"https://www.tiktok.com/@chuyendong24hnews","limit":10,"crawlIntervalSec":1800,"cleanupIntervalSec":3600,"msg":"CRAWLER_WORKER_STARTED"}
{"level":30,"time":"08:13:08.699","app":"TikTokCrawlerMaster","logger":"Worker-@theanh28entertainment","seedUrl":"https://www.tiktok.com/@theanh28entertainment","limit":10,"crawlIntervalSec":1800,"cleanupIntervalSec":3600,"msg":"CRAWLER_WORKER_STARTED"}
{"level":30,"time":"08:13:08.699","app":"TikTokCrawlerMaster","logger":"Worker-@bevietnamese1","seedUrl":"https://www.tiktok.com/@bevietnamese1","limit":10,"crawlIntervalSec":1800,"cleanupIntervalSec":3600,"msg":"CRAWLER_WORKER_STARTED"}
{"level":30,"time":"08:13:08.700","app":"TikTokCrawlerMaster","logger":"Worker-@lattemeomap","seedUrl":"https://www.tiktok.com/@lattemeomap","limit":10,"msg":"CRAWL_TIKTOK_START"}
{"level":30,"time":"08:13:08.729","app":"TikTokCrawlerMaster","logger":"Worker-@_971218","seedUrl":"https://www.tiktok.com/@_971218","limit":10,"msg":"CRAWL_TIKTOK_START"}
{"level":30,"time":"08:13:08.780","app":"TikTokCrawlerMaster","logger":"Worker-@iam_bigboss.ss","seedUrl":"https://www.tiktok.com/@iam_bigboss.ss","limit":10,"msg":"CRAWL_TIKTOK_START"}
{"level":30,"time":"08:13:08.821","app":"TikTokCrawlerMaster","logger":"Worker-@nghevanoi","seedUrl":"https://www.tiktok.com/@nghevanoi","limit":10,"msg":"CRAWL_TIKTOK_START"}
{"level":30,"time":"08:13:09.229","app":"TikTokCrawlerMaster","logger":"Worker-@meochanhcho1","seedUrl":"https://www.tiktok.com/@meochanhcho1","limit":10,"msg":"CRAWL_TIKTOK_START"}
{"level":30,"time":"08:13:09.428","app":"TikTokCrawlerMaster","logger":"Worker-@mohonaudio0","seedUrl":"https://www.tiktok.com/@mohonaudio0","limit":10,"msg":"CRAWL_TIKTOK_START"}
{"level":30,"time":"08:13:09.523","app":"TikTokCrawlerMaster","logger":"Worker-@chuyendong24hnews","seedUrl":"https://www.tiktok.com/@chuyendong24hnews","limit":10,"msg":"CRAWL_TIKTOK_START"}
{"level":30,"time":"08:13:09.926","app":"TikTokCrawlerMaster","logger":"Worker-@theanh28entertainment","seedUrl":"https://www.tiktok.com/@theanh28entertainment","limit":10,"msg":"CRAWL_TIKTOK_START"}
{"level":30,"time":"08:13:10.459","app":"TikTokCrawlerMaster","logger":"Worker-@bevietnamese1","seedUrl":"https://www.tiktok.com/@bevietnamese1","limit":10,"msg":"CRAWL_TIKTOK_START"}
{"level":30,"time":"08:18:20.110","app":"TikTokCrawlerMaster","logger":"MasterWorker","enabled":true,"seedsCount":10,"msg":"MASTER_WORKER_STARTING"}
{"level":30,"time":"08:18:20.110","app":"TikTokCrawlerMaster","logger":"MasterWorker","totalLimit":100,"perWorkerLimit":10,"totalWorkers":10,"msg":"DISTRIBUTING_CRAWL_LIMIT"}
{"level":30,"time":"08:18:20.110","app":"TikTokCrawlerMaster","logger":"MasterWorker","seedUrl":"https://www.tiktok.com/@vtv24news","limit":10,"msg":"SPAWNED_WORKER_FOR_CHANNEL"}
{"level":30,"time":"08:18:20.110","app":"TikTokCrawlerMaster","logger":"MasterWorker","seedUrl":"https://www.tiktok.com/@lattemeomap","limit":10,"msg":"SPAWNED_WORKER_FOR_CHANNEL"}
{"level":30,"time":"08:18:20.111","app":"TikTokCrawlerMaster","logger":"MasterWorker","seedUrl":"https://www.tiktok.com/@_971218","limit":10,"msg":"SPAWNED_WORKER_FOR_CHANNEL"}
{"level":30,"time":"08:18:20.111","app":"TikTokCrawlerMaster","logger":"MasterWorker","seedUrl":"https://www.tiktok.com/@iam_bigboss.ss","limit":10,"msg":"SPAWNED_WORKER_FOR_CHANNEL"}
{"level":30,"time":"08:18:20.113","app":"TikTokCrawlerMaster","logger":"MasterWorker","seedUrl":"https://www.tiktok.com/@nghevanoi","limit":10,"msg":"SPAWNED_WORKER_FOR_CHANNEL"}
{"level":30,"time":"08:18:20.113","app":"TikTokCrawlerMaster","logger":"MasterWorker","seedUrl":"https://www.tiktok.com/@meochanhcho1","limit":10,"msg":"SPAWNED_WORKER_FOR_CHANNEL"}
{"level":30,"time":"08:18:20.115","app":"TikTokCrawlerMaster","logger":"MasterWorker","seedUrl":"https://www.tiktok.com/@mohonaudio0","limit":10,"msg":"SPAWNED_WORKER_FOR_CHANNEL"}
{"level":30,"time":"08:18:20.115","app":"TikTokCrawlerMaster","logger":"MasterWorker","seedUrl":"https://www.tiktok.com/@chuyendong24hnews","limit":10,"msg":"SPAWNED_WORKER_FOR_CHANNEL"}
{"level":30,"time":"08:18:20.116","app":"TikTokCrawlerMaster","logger":"MasterWorker","seedUrl":"https://www.tiktok.com/@theanh28entertainment","limit":10,"msg":"SPAWNED_WORKER_FOR_CHANNEL"}
{"level":30,"time":"08:18:20.116","app":"TikTokCrawlerMaster","logger":"MasterWorker","seedUrl":"https://www.tiktok.com/@bevietnamese1","limit":10,"msg":"SPAWNED_WORKER_FOR_CHANNEL"}
{"level":30,"time":"08:18:20.154","app":"TikTokCrawlerMaster","logger":"Worker-@vtv24news","seedUrl":"https://www.tiktok.com/@vtv24news","limit":10,"crawlIntervalSec":1800,"cleanupIntervalSec":3600,"msg":"CRAWLER_WORKER_STARTED"}
{"level":30,"time":"08:18:20.160","app":"TikTokCrawlerMaster","logger":"Worker-@vtv24news","seedUrl":"https://www.tiktok.com/@vtv24news","limit":10,"msg":"CRAWL_TIKTOK_START"}
{"level":30,"time":"08:18:20.190","app":"TikTokCrawlerMaster","logger":"Worker-@lattemeomap","seedUrl":"https://www.tiktok.com/@lattemeomap","limit":10,"crawlIntervalSec":1800,"cleanupIntervalSec":3600,"msg":"CRAWLER_WORKER_STARTED"}
{"level":30,"time":"08:18:20.190","app":"TikTokCrawlerMaster","logger":"Worker-@_971218","seedUrl":"https://www.tiktok.com/@_971218","limit":10,"crawlIntervalSec":1800,"cleanupIntervalSec":3600,"msg":"CRAWLER_WORKER_STARTED"}
{"level":30,"time":"08:18:20.191","app":"TikTokCrawlerMaster","logger":"Worker-@iam_bigboss.ss","seedUrl":"https://www.tiktok.com/@iam_bigboss.ss","limit":10,"crawlIntervalSec":1800,"cleanupIntervalSec":3600,"msg":"CRAWLER_WORKER_STARTED"}
{"level":30,"time":"08:18:20.192","app":"TikTokCrawlerMaster","logger":"Worker-@nghevanoi","seedUrl":"https://www.tiktok.com/@nghevanoi","limit":10,"crawlIntervalSec":1800,"cleanupIntervalSec":3600,"msg":"CRAWLER_WORKER_STARTED"}
{"level":30,"time":"08:18:20.193","app":"TikTokCrawlerMaster","logger":"Worker-@meochanhcho1","seedUrl":"https://www.tiktok.com/@meochanhcho1","limit":10,"crawlIntervalSec":1800,"cleanupIntervalSec":3600,"msg":"CRAWLER_WORKER_STARTED"}
{"level":30,"time":"08:18:20.193","app":"TikTokCrawlerMaster","logger":"Worker-@mohonaudio0","seedUrl":"https://www.tiktok.com/@mohonaudio0","limit":10,"crawlIntervalSec":1800,"cleanupIntervalSec":3600,"msg":"CRAWLER_WORKER_STARTED"}
{"level":30,"time":"08:18:20.194","app":"TikTokCrawlerMaster","logger":"Worker-@chuyendong24hnews","seedUrl":"https://www.tiktok.com/@chuyendong24hnews","limit":10,"crawlIntervalSec":1800,"cleanupIntervalSec":3600,"msg":"CRAWLER_WORKER_STARTED"}
{"level":30,"time":"08:18:20.195","app":"TikTokCrawlerMaster","logger":"Worker-@theanh28entertainment","seedUrl":"https://www.tiktok.com/@theanh28entertainment","limit":10,"crawlIntervalSec":1800,"cleanupIntervalSec":3600,"msg":"CRAWLER_WORKER_STARTED"}
{"level":30,"time":"08:18:20.196","app":"TikTokCrawlerMaster","logger":"Worker-@bevietnamese1","seedUrl":"https://www.tiktok.com/@bevietnamese1","limit":10,"crawlIntervalSec":1800,"cleanupIntervalSec":3600,"msg":"CRAWLER_WORKER_STARTED"}
{"level":30,"time":"08:18:20.197","app":"TikTokCrawlerMaster","logger":"Worker-@lattemeomap","seedUrl":"https://www.tiktok.com/@lattemeomap","limit":10,"msg":"CRAWL_TIKTOK_START"}
{"level":30,"time":"08:18:20.210","app":"TikTokCrawlerMaster","logger":"Worker-@_971218","seedUrl":"https://www.tiktok.com/@_971218","limit":10,"msg":"CRAWL_TIKTOK_START"}
{"level":30,"time":"08:18:20.226","app":"TikTokCrawlerMaster","logger":"Worker-@iam_bigboss.ss","seedUrl":"https://www.tiktok.com/@iam_bigboss.ss","limit":10,"msg":"CRAWL_TIKTOK_START"}
{"level":30,"time":"08:18:20.239","app":"TikTokCrawlerMaster","logger":"Worker-@nghevanoi","seedUrl":"https://www.tiktok.com/@nghevanoi","limit":10,"msg":"CRAWL_TIKTOK_START"}
{"level":30,"time":"08:18:20.256","app":"TikTokCrawlerMaster","logger":"Worker-@meochanhcho1","seedUrl":"https://www.tiktok.com/@meochanhcho1","limit":10,"msg":"CRAWL_TIKTOK_START"}
{"level":30,"time":"08:18:20.312","app":"TikTokCrawlerMaster","logger":"Worker-@mohonaudio0","seedUrl":"https://www.tiktok.com/@mohonaudio0","limit":10,"msg":"CRAWL_TIKTOK_START"}
{"level":30,"time":"08:18:20.327","app":"TikTokCrawlerMaster","logger":"Worker-@chuyendong24hnews","seedUrl":"https://www.tiktok.com/@chuyendong24hnews","limit":10,"msg":"CRAWL_TIKTOK_START"}
{"level":30,"time":"08:18:20.347","app":"TikTokCrawlerMaster","logger":"Worker-@theanh28entertainment","seedUrl":"https://www.tiktok.com/@theanh28entertainment","limit":10,"msg":"CRAWL_TIKTOK_START"}
{"level":30,"time":"08:18:20.434","app":"TikTokCrawlerMaster","logger":"Worker-@bevietnamese1","seedUrl":"https://www.tiktok.com/@bevietnamese1","limit":10,"msg":"CRAWL_TIKTOK_START"}
{"level":50,"time":"08:18:33.689","app":"TikTokCrawlerMaster","logger":"TikTokCrawl","url":"https://www.tiktok.com/@iam_bigboss.ss/video/7631437415382584583","err":"Unknown column 'max_posts' in 'INSERT INTO'","msg":"VIDEO_PROCESS_ERROR"}
{"level":50,"time":"08:18:33.732","app":"TikTokCrawlerMaster","logger":"TikTokCrawl","url":"https://www.tiktok.com/@mohonaudio0/video/7631175282589715733","err":"Unknown column 'max_posts' in 'INSERT INTO'","msg":"VIDEO_PROCESS_ERROR"}
{"level":50,"time":"08:18:33.750","app":"TikTokCrawlerMaster","logger":"TikTokCrawl","url":"https://www.tiktok.com/@chuyendong24hnews/video/7631416177679453457","err":"Unknown column 'max_posts' in 'INSERT INTO'","msg":"VIDEO_PROCESS_ERROR"}
{"level":50,"time":"08:18:33.793","app":"TikTokCrawlerMaster","logger":"TikTokCrawl","url":"https://www.tiktok.com/@meochanhcho1/video/7631428089498602759","err":"Unknown column 'max_posts' in 'INSERT INTO'","msg":"VIDEO_PROCESS_ERROR"}
{"level":50,"time":"08:18:33.835","app":"TikTokCrawlerMaster","logger":"TikTokCrawl","url":"https://www.tiktok.com/@nghevanoi/video/7631080650275179794","err":"Unknown column 'max_posts' in 'INSERT INTO'","msg":"VIDEO_PROCESS_ERROR"}
{"level":50,"time":"08:18:34.126","app":"TikTokCrawlerMaster","logger":"TikTokCrawl","url":"https://www.tiktok.com/@theanh28entertainment/video/7631493214330998036","err":"Unknown column 'max_posts' in 'INSERT INTO'","msg":"VIDEO_PROCESS_ERROR"}
{"level":50,"time":"08:18:34.139","app":"TikTokCrawlerMaster","logger":"TikTokCrawl","url":"https://www.tiktok.com/@lattemeomap/video/7631445868813618453","err":"Unknown column 'max_posts' in 'INSERT INTO'","msg":"VIDEO_PROCESS_ERROR"}
{"level":50,"time":"08:18:34.235","app":"TikTokCrawlerMaster","logger":"TikTokCrawl","url":"https://www.tiktok.com/@_971218/video/7631483401844919568","err":"Unknown column 'max_posts' in 'INSERT INTO'","msg":"VIDEO_PROCESS_ERROR"}
{"level":50,"time":"08:18:34.297","app":"TikTokCrawlerMaster","logger":"TikTokCrawl","url":"https://www.tiktok.com/@vtv24news/video/7631403804197424405","err":"Unknown column 'max_posts' in 'INSERT INTO'","msg":"VIDEO_PROCESS_ERROR"}
{"level":50,"time":"08:18:34.298","app":"TikTokCrawlerMaster","logger":"TikTokCrawl","url":"https://www.tiktok.com/@bevietnamese1/video/7631473380809624852","err":"Unknown column 'max_posts' in 'INSERT INTO'","msg":"VIDEO_PROCESS_ERROR"}
{"level":50,"time":"08:18:41.651","app":"TikTokCrawlerMaster","logger":"TikTokCrawl","url":"https://www.tiktok.com/@iam_bigboss.ss/video/7631366702382501138","err":"Unknown column 'max_posts' in 'INSERT INTO'","msg":"VIDEO_PROCESS_ERROR"}
{"level":50,"time":"08:18:41.792","app":"TikTokCrawlerMaster","logger":"TikTokCrawl","url":"https://www.tiktok.com/@meochanhcho1/video/7631176970214149384","err":"Unknown column 'max_posts' in 'INSERT INTO'","msg":"VIDEO_PROCESS_ERROR"}
{"level":50,"time":"08:18:41.793","app":"TikTokCrawlerMaster","logger":"TikTokCrawl","url":"https://www.tiktok.com/@chuyendong24hnews/video/7631416014391053569","err":"Unknown column 'max_posts' in 'INSERT INTO'","msg":"VIDEO_PROCESS_ERROR"}
{"level":50,"time":"08:18:41.896","app":"TikTokCrawlerMaster","logger":"TikTokCrawl","url":"https://www.tiktok.com/@mohonaudio0/video/7631058830473923860","err":"Unknown column 'max_posts' in 'INSERT INTO'","msg":"VIDEO_PROCESS_ERROR"}
{"level":50,"time":"08:18:41.896","app":"TikTokCrawlerMaster","logger":"TikTokCrawl","url":"https://www.tiktok.com/@nghevanoi/video/7630875328273009927","err":"Unknown column 'max_posts' in 'INSERT INTO'","msg":"VIDEO_PROCESS_ERROR"}
{"level":50,"time":"08:18:42.336","app":"TikTokCrawlerMaster","logger":"TikTokCrawl","url":"https://www.tiktok.com/@_971218/video/7631448712350289153","err":"Unknown column 'max_posts' in 'INSERT INTO'","msg":"VIDEO_PROCESS_ERROR"}
{"level":50,"time":"08:18:42.408","app":"TikTokCrawlerMaster","logger":"TikTokCrawl","url":"https://www.tiktok.com/@theanh28entertainment/video/7631488332287053076","err":"Unknown column 'max_posts' in 'INSERT INTO'","msg":"VIDEO_PROCESS_ERROR"}
{"level":50,"time":"08:18:42.436","app":"TikTokCrawlerMaster","logger":"TikTokCrawl","url":"https://www.tiktok.com/@bevietnamese1/video/7631449644786208021","err":"Unknown column 'max_posts' in 'INSERT INTO'","msg":"VIDEO_PROCESS_ERROR"}
{"level":50,"time":"08:18:42.522","app":"TikTokCrawlerMaster","logger":"TikTokCrawl","url":"https://www.tiktok.com/@vtv24news/video/7631472444645068052","err":"Unknown column 'max_posts' in 'INSERT INTO'","msg":"VIDEO_PROCESS_ERROR"}
{"level":50,"time":"08:18:42.522","app":"TikTokCrawlerMaster","logger":"TikTokCrawl","url":"https://www.tiktok.com/@lattemeomap/video/7631262176015027476","err":"Unknown column 'max_posts' in 'INSERT INTO'","msg":"VIDEO_PROCESS_ERROR"}
{"level":50,"time":"08:18:50.379","app":"TikTokCrawlerMaster","logger":"TikTokCrawl","url":"https://www.tiktok.com/@iam_bigboss.ss/video/7631365238834679048","err":"Unknown column 'max_posts' in 'INSERT INTO'","msg":"VIDEO_PROCESS_ERROR"}
{"level":50,"time":"08:18:50.478","app":"TikTokCrawlerMaster","logger":"TikTokCrawl","url":"https://www.tiktok.com/@nghevanoi/video/7630482697290386695","err":"Unknown column 'max_posts' in 'INSERT INTO'","msg":"VIDEO_PROCESS_ERROR"}
{"level":50,"time":"08:18:50.780","app":"TikTokCrawlerMaster","logger":"TikTokCrawl","url":"https://www.tiktok.com/@mohonaudio0/video/7631038806786968852","err":"Unknown column 'max_posts' in 'INSERT INTO'","msg":"VIDEO_PROCESS_ERROR"}
{"level":50,"time":"08:18:50.929","app":"TikTokCrawlerMaster","logger":"TikTokCrawl","url":"https://www.tiktok.com/@chuyendong24hnews/video/7631415632902294801","err":"Unknown column 'max_posts' in 'INSERT INTO'","msg":"VIDEO_PROCESS_ERROR"}
{"level":50,"time":"08:18:51.061","app":"TikTokCrawlerMaster","logger":"TikTokCrawl","url":"https://www.tiktok.com/@_971218/video/7631380995912092945","err":"Unknown column 'max_posts' in 'INSERT INTO'","msg":"VIDEO_PROCESS_ERROR"}
{"level":50,"time":"08:18:51.201","app":"TikTokCrawlerMaster","logger":"TikTokCrawl","url":"https://www.tiktok.com/@meochanhcho1/video/7631076636766637330","err":"Unknown column 'max_posts' in 'INSERT INTO'","msg":"VIDEO_PROCESS_ERROR"}
{"level":50,"time":"08:18:51.357","app":"TikTokCrawlerMaster","logger":"TikTokCrawl","url":"https://www.tiktok.com/@lattemeomap/video/7631176580449996052","err":"Unknown column 'max_posts' in 'INSERT INTO'","msg":"VIDEO_PROCESS_ERROR"}
{"level":50,"time":"08:18:51.359","app":"TikTokCrawlerMaster","logger":"TikTokCrawl","url":"https://www.tiktok.com/@bevietnamese1/video/7631412766179331348","err":"Unknown column 'max_posts' in 'INSERT INTO'","msg":"VIDEO_PROCESS_ERROR"}
{"level":50,"time":"08:18:51.359","app":"TikTokCrawlerMaster","logger":"TikTokCrawl","url":"https://www.tiktok.com/@vtv24news/video/7631403348750634260","err":"Unknown column 'max_posts' in 'INSERT INTO'","msg":"VIDEO_PROCESS_ERROR"}
{"level":50,"time":"08:18:51.359","app":"TikTokCrawlerMaster","logger":"TikTokCrawl","url":"https://www.tiktok.com/@theanh28entertainment/video/7631488008960675092","err":"Unknown column 'max_posts' in 'INSERT INTO'","msg":"VIDEO_PROCESS_ERROR"}
{"level":50,"time":"08:18:58.865","app":"TikTokCrawlerMaster","logger":"TikTokCrawl","url":"https://www.tiktok.com/@iam_bigboss.ss/video/7631182753366609160","err":"Unknown column 'max_posts' in 'INSERT INTO'","msg":"VIDEO_PROCESS_ERROR"}
{"level":50,"time":"08:18:59.214","app":"TikTokCrawlerMaster","logger":"TikTokCrawl","url":"https://www.tiktok.com/@nghevanoi/video/7630127071620025607","err":"Unknown column 'max_posts' in 'INSERT INTO'","msg":"VIDEO_PROCESS_ERROR"}
{"level":50,"time":"08:18:59.379","app":"TikTokCrawlerMaster","logger":"TikTokCrawl","url":"https://www.tiktok.com/@mohonaudio0/video/7630317669236952340","err":"Unknown column 'max_posts' in 'INSERT INTO'","msg":"VIDEO_PROCESS_ERROR"}
{"level":50,"time":"08:18:59.544","app":"TikTokCrawlerMaster","logger":"TikTokCrawl","url":"https://www.tiktok.com/@_971218/video/7631215882680700161","err":"Unknown column 'max_posts' in 'INSERT INTO'","msg":"VIDEO_PROCESS_ERROR"}
{"level":50,"time":"08:18:59.612","app":"TikTokCrawlerMaster","logger":"TikTokCrawl","url":"https://www.tiktok.com/@chuyendong24hnews/video/7631415438378814721","err":"Unknown column 'max_posts' in 'INSERT INTO'","msg":"VIDEO_PROCESS_ERROR"}
{"level":50,"time":"08:18:59.636","app":"TikTokCrawlerMaster","logger":"TikTokCrawl","url":"https://www.tiktok.com/@meochanhcho1/video/7630776737529482503","err":"Unknown column 'max_posts' in 'INSERT INTO'","msg":"VIDEO_PROCESS_ERROR"}
{"level":50,"time":"08:18:59.830","app":"TikTokCrawlerMaster","logger":"TikTokCrawl","url":"https://www.tiktok.com/@lattemeomap/video/7631073702616173844","err":"Unknown column 'max_posts' in 'INSERT INTO'","msg":"VIDEO_PROCESS_ERROR"}
{"level":50,"time":"08:19:00.003","app":"TikTokCrawlerMaster","logger":"TikTokCrawl","url":"https://www.tiktok.com/@vtv24news/video/7631403110132387092","err":"Unknown column 'max_posts' in 'INSERT INTO'","msg":"VIDEO_PROCESS_ERROR"}
{"level":50,"time":"08:19:00.116","app":"TikTokCrawlerMaster","logger":"TikTokCrawl","url":"https://www.tiktok.com/@theanh28entertainment/video/7631485493623999751","err":"Unknown column 'max_posts' in 'INSERT INTO'","msg":"VIDEO_PROCESS_ERROR"}
{"level":50,"time":"08:19:00.595","app":"TikTokCrawlerMaster","logger":"TikTokCrawl","url":"https://www.tiktok.com/@bevietnamese1/video/7631126636129209607","err":"Unknown column 'max_posts' in 'INSERT INTO'","msg":"VIDEO_PROCESS_ERROR"}
{"level":30,"time":"08:20:47.864","app":"TikTokCrawlerMaster","logger":"MasterWorker","enabled":true,"seedsCount":10,"msg":"MASTER_WORKER_STARTING"}
{"level":30,"time":"08:20:47.865","app":"TikTokCrawlerMaster","logger":"MasterWorker","totalLimit":100,"perWorkerLimit":10,"totalWorkers":10,"msg":"DISTRIBUTING_CRAWL_LIMIT"}
{"level":30,"time":"08:20:47.865","app":"TikTokCrawlerMaster","logger":"MasterWorker","seedUrl":"https://www.tiktok.com/@vtv24news","limit":10,"msg":"SPAWNED_WORKER_FOR_CHANNEL"}
{"level":30,"time":"08:20:47.865","app":"TikTokCrawlerMaster","logger":"MasterWorker","seedUrl":"https://www.tiktok.com/@lattemeomap","limit":10,"msg":"SPAWNED_WORKER_FOR_CHANNEL"}
{"level":30,"time":"08:20:47.866","app":"TikTokCrawlerMaster","logger":"MasterWorker","seedUrl":"https://www.tiktok.com/@_971218","limit":10,"msg":"SPAWNED_WORKER_FOR_CHANNEL"}
{"level":30,"time":"08:20:47.866","app":"TikTokCrawlerMaster","logger":"MasterWorker","seedUrl":"https://www.tiktok.com/@iam_bigboss.ss","limit":10,"msg":"SPAWNED_WORKER_FOR_CHANNEL"}
{"level":30,"time":"08:20:47.867","app":"TikTokCrawlerMaster","logger":"MasterWorker","seedUrl":"https://www.tiktok.com/@nghevanoi","limit":10,"msg":"SPAWNED_WORKER_FOR_CHANNEL"}
{"level":30,"time":"08:20:47.868","app":"TikTokCrawlerMaster","logger":"MasterWorker","seedUrl":"https://www.tiktok.com/@meochanhcho1","limit":10,"msg":"SPAWNED_WORKER_FOR_CHANNEL"}
{"level":30,"time":"08:20:47.869","app":"TikTokCrawlerMaster","logger":"MasterWorker","seedUrl":"https://www.tiktok.com/@mohonaudio0","limit":10,"msg":"SPAWNED_WORKER_FOR_CHANNEL"}
{"level":30,"time":"08:20:47.869","app":"TikTokCrawlerMaster","logger":"MasterWorker","seedUrl":"https://www.tiktok.com/@chuyendong24hnews","limit":10,"msg":"SPAWNED_WORKER_FOR_CHANNEL"}
{"level":30,"time":"08:20:47.870","app":"TikTokCrawlerMaster","logger":"MasterWorker","seedUrl":"https://www.tiktok.com/@theanh28entertainment","limit":10,"msg":"SPAWNED_WORKER_FOR_CHANNEL"}
{"level":30,"time":"08:20:47.870","app":"TikTokCrawlerMaster","logger":"MasterWorker","seedUrl":"https://www.tiktok.com/@bevietnamese1","limit":10,"msg":"SPAWNED_WORKER_FOR_CHANNEL"}
{"level":30,"time":"08:20:47.906","app":"TikTokCrawlerMaster","logger":"Worker-@vtv24news","seedUrl":"https://www.tiktok.com/@vtv24news","limit":10,"crawlIntervalSec":1800,"cleanupIntervalSec":3600,"msg":"CRAWLER_WORKER_STARTED"}
{"level":30,"time":"08:20:47.914","app":"TikTokCrawlerMaster","logger":"Worker-@vtv24news","seedUrl":"https://www.tiktok.com/@vtv24news","limit":10,"msg":"CRAWL_TIKTOK_START"}
{"level":30,"time":"08:20:47.973","app":"TikTokCrawlerMaster","logger":"Worker-@lattemeomap","seedUrl":"https://www.tiktok.com/@lattemeomap","limit":10,"crawlIntervalSec":1800,"cleanupIntervalSec":3600,"msg":"CRAWLER_WORKER_STARTED"}
{"level":30,"time":"08:20:47.975","app":"TikTokCrawlerMaster","logger":"Worker-@iam_bigboss.ss","seedUrl":"https://www.tiktok.com/@iam_bigboss.ss","limit":10,"crawlIntervalSec":1800,"cleanupIntervalSec":3600,"msg":"CRAWLER_WORKER_STARTED"}
{"level":30,"time":"08:20:47.979","app":"TikTokCrawlerMaster","logger":"Worker-@_971218","seedUrl":"https://www.tiktok.com/@_971218","limit":10,"crawlIntervalSec":1800,"cleanupIntervalSec":3600,"msg":"CRAWLER_WORKER_STARTED"}
{"level":30,"time":"08:20:47.983","app":"TikTokCrawlerMaster","logger":"Worker-@nghevanoi","seedUrl":"https://www.tiktok.com/@nghevanoi","limit":10,"crawlIntervalSec":1800,"cleanupIntervalSec":3600,"msg":"CRAWLER_WORKER_STARTED"}
{"level":30,"time":"08:20:47.994","app":"TikTokCrawlerMaster","logger":"Worker-@meochanhcho1","seedUrl":"https://www.tiktok.com/@meochanhcho1","limit":10,"crawlIntervalSec":1800,"cleanupIntervalSec":3600,"msg":"CRAWLER_WORKER_STARTED"}
{"level":30,"time":"08:20:48.028","app":"TikTokCrawlerMaster","logger":"Worker-@mohonaudio0","seedUrl":"https://www.tiktok.com/@mohonaudio0","limit":10,"crawlIntervalSec":1800,"cleanupIntervalSec":3600,"msg":"CRAWLER_WORKER_STARTED"}
{"level":30,"time":"08:20:48.036","app":"TikTokCrawlerMaster","logger":"Worker-@chuyendong24hnews","seedUrl":"https://www.tiktok.com/@chuyendong24hnews","limit":10,"crawlIntervalSec":1800,"cleanupIntervalSec":3600,"msg":"CRAWLER_WORKER_STARTED"}
{"level":30,"time":"08:20:48.048","app":"TikTokCrawlerMaster","logger":"Worker-@theanh28entertainment","seedUrl":"https://www.tiktok.com/@theanh28entertainment","limit":10,"crawlIntervalSec":1800,"cleanupIntervalSec":3600,"msg":"CRAWLER_WORKER_STARTED"}
{"level":30,"time":"08:20:48.050","app":"TikTokCrawlerMaster","logger":"Worker-@bevietnamese1","seedUrl":"https://www.tiktok.com/@bevietnamese1","limit":10,"crawlIntervalSec":1800,"cleanupIntervalSec":3600,"msg":"CRAWLER_WORKER_STARTED"}
{"level":30,"time":"08:20:48.051","app":"TikTokCrawlerMaster","logger":"Worker-@lattemeomap","seedUrl":"https://www.tiktok.com/@lattemeomap","limit":10,"msg":"CRAWL_TIKTOK_START"}
{"level":30,"time":"08:20:48.083","app":"TikTokCrawlerMaster","logger":"Worker-@iam_bigboss.ss","seedUrl":"https://www.tiktok.com/@iam_bigboss.ss","limit":10,"msg":"CRAWL_TIKTOK_START"}
{"level":30,"time":"08:20:48.111","app":"TikTokCrawlerMaster","logger":"Worker-@_971218","seedUrl":"https://www.tiktok.com/@_971218","limit":10,"msg":"CRAWL_TIKTOK_START"}
{"level":30,"time":"08:20:48.131","app":"TikTokCrawlerMaster","logger":"Worker-@nghevanoi","seedUrl":"https://www.tiktok.com/@nghevanoi","limit":10,"msg":"CRAWL_TIKTOK_START"}
{"level":30,"time":"08:20:48.160","app":"TikTokCrawlerMaster","logger":"Worker-@meochanhcho1","seedUrl":"https://www.tiktok.com/@meochanhcho1","limit":10,"msg":"CRAWL_TIKTOK_START"}
{"level":30,"time":"08:20:48.181","app":"TikTokCrawlerMaster","logger":"Worker-@mohonaudio0","seedUrl":"https://www.tiktok.com/@mohonaudio0","limit":10,"msg":"CRAWL_TIKTOK_START"}
{"level":30,"time":"08:20:48.228","app":"TikTokCrawlerMaster","logger":"Worker-@chuyendong24hnews","seedUrl":"https://www.tiktok.com/@chuyendong24hnews","limit":10,"msg":"CRAWL_TIKTOK_START"}
{"level":30,"time":"08:20:48.324","app":"TikTokCrawlerMaster","logger":"Worker-@theanh28entertainment","seedUrl":"https://www.tiktok.com/@theanh28entertainment","limit":10,"msg":"CRAWL_TIKTOK_START"}
{"level":30,"time":"08:20:48.668","app":"TikTokCrawlerMaster","logger":"Worker-@bevietnamese1","seedUrl":"https://www.tiktok.com/@bevietnamese1","limit":10,"msg":"CRAWL_TIKTOK_START"}
{"level":50,"time":"08:21:01.766","app":"TikTokCrawlerMaster","logger":"TikTokCrawl","url":"https://www.tiktok.com/@nghevanoi/video/7631080650275179794","err":"Unknown column 'max_posts' in 'INSERT INTO'","msg":"VIDEO_PROCESS_ERROR"}
{"level":50,"time":"08:21:02.107","app":"TikTokCrawlerMaster","logger":"TikTokCrawl","url":"https://www.tiktok.com/@vtv24news/video/7631403804197424405","err":"Unknown column 'max_posts' in 'INSERT INTO'","msg":"VIDEO_PROCESS_ERROR"}
{"level":50,"time":"08:21:02.140","app":"TikTokCrawlerMaster","logger":"TikTokCrawl","url":"https://www.tiktok.com/@bevietnamese1/video/7631473380809624852","err":"Unknown column 'max_posts' in 'INSERT INTO'","msg":"VIDEO_PROCESS_ERROR"}
{"level":50,"time":"08:21:02.175","app":"TikTokCrawlerMaster","logger":"TikTokCrawl","url":"https://www.tiktok.com/@mohonaudio0/video/7631175282589715733","err":"Unknown column 'max_posts' in 'INSERT INTO'","msg":"VIDEO_PROCESS_ERROR"}
{"level":50,"time":"08:21:02.219","app":"TikTokCrawlerMaster","logger":"TikTokCrawl","url":"https://www.tiktok.com/@chuyendong24hnews/video/7631416177679453457","err":"Unknown column 'max_posts' in 'INSERT INTO'","msg":"VIDEO_PROCESS_ERROR"}
{"level":50,"time":"08:21:02.293","app":"TikTokCrawlerMaster","logger":"TikTokCrawl","url":"https://www.tiktok.com/@meochanhcho1/video/7631428089498602759","err":"Unknown column 'max_posts' in 'INSERT INTO'","msg":"VIDEO_PROCESS_ERROR"}
{"level":50,"time":"08:21:02.490","app":"TikTokCrawlerMaster","logger":"TikTokCrawl","url":"https://www.tiktok.com/@theanh28entertainment/video/7631488702006562068","err":"Unknown column 'max_posts' in 'INSERT INTO'","msg":"VIDEO_PROCESS_ERROR"}
{"level":50,"time":"08:21:02.646","app":"TikTokCrawlerMaster","logger":"TikTokCrawl","url":"https://www.tiktok.com/@_971218/video/7631483401844919568","err":"Unknown column 'max_posts' in 'INSERT INTO'","msg":"VIDEO_PROCESS_ERROR"}
{"level":50,"time":"08:21:04.363","app":"TikTokCrawlerMaster","logger":"TikTokCrawl","url":"https://www.tiktok.com/@iam_bigboss.ss/video/7631437415382584583","err":"Unknown column 'max_posts' in 'INSERT INTO'","msg":"VIDEO_PROCESS_ERROR"}
{"level":50,"time":"08:21:04.466","app":"TikTokCrawlerMaster","logger":"TikTokCrawl","url":"https://www.tiktok.com/@lattemeomap/video/7631445868813618453","err":"Unknown column 'max_posts' in 'INSERT INTO'","msg":"VIDEO_PROCESS_ERROR"}
{"level":50,"time":"08:21:10.060","app":"TikTokCrawlerMaster","logger":"TikTokCrawl","url":"https://www.tiktok.com/@bevietnamese1/video/7631449644786208021","err":"Unknown column 'max_posts' in 'INSERT INTO'","msg":"VIDEO_PROCESS_ERROR"}
{"level":50,"time":"08:21:10.062","app":"TikTokCrawlerMaster","logger":"TikTokCrawl","url":"https://www.tiktok.com/@nghevanoi/video/7630875328273009927","err":"Unknown column 'max_posts' in 'INSERT INTO'","msg":"VIDEO_PROCESS_ERROR"}
{"level":50,"time":"08:21:10.465","app":"TikTokCrawlerMaster","logger":"TikTokCrawl","url":"https://www.tiktok.com/@vtv24news/video/7631472444645068052","err":"Unknown column 'max_posts' in 'INSERT INTO'","msg":"VIDEO_PROCESS_ERROR"}
{"level":50,"time":"08:21:10.526","app":"TikTokCrawlerMaster","logger":"TikTokCrawl","url":"https://www.tiktok.com/@mohonaudio0/video/7631058830473923860","err":"Unknown column 'max_posts' in 'INSERT INTO'","msg":"VIDEO_PROCESS_ERROR"}
{"level":50,"time":"08:21:10.603","app":"TikTokCrawlerMaster","logger":"TikTokCrawl","url":"https://www.tiktok.com/@chuyendong24hnews/video/7631416014391053569","err":"Unknown column 'max_posts' in 'INSERT INTO'","msg":"VIDEO_PROCESS_ERROR"}
{"level":50,"time":"08:21:10.641","app":"TikTokCrawlerMaster","logger":"TikTokCrawl","url":"https://www.tiktok.com/@meochanhcho1/video/7631176970214149384","err":"Unknown column 'max_posts' in 'INSERT INTO'","msg":"VIDEO_PROCESS_ERROR"}
{"level":50,"time":"08:21:10.891","app":"TikTokCrawlerMaster","logger":"TikTokCrawl","url":"https://www.tiktok.com/@iam_bigboss.ss/video/7631366702382501138","err":"Unknown column 'max_posts' in 'INSERT INTO'","msg":"VIDEO_PROCESS_ERROR"}
{"level":50,"time":"08:21:11.044","app":"TikTokCrawlerMaster","logger":"TikTokCrawl","url":"https://www.tiktok.com/@theanh28entertainment/video/7631494981626170645","err":"Unknown column 'max_posts' in 'INSERT INTO'","msg":"VIDEO_PROCESS_ERROR"}
{"level":50,"time":"08:21:11.044","app":"TikTokCrawlerMaster","logger":"TikTokCrawl","url":"https://www.tiktok.com/@_971218/video/7631448712350289153","err":"Unknown column 'max_posts' in 'INSERT INTO'","msg":"VIDEO_PROCESS_ERROR"}
{"level":50,"time":"08:21:11.319","app":"TikTokCrawlerMaster","logger":"TikTokCrawl","url":"https://www.tiktok.com/@lattemeomap/video/7631262176015027476","err":"Unknown column 'max_posts' in 'INSERT INTO'","msg":"VIDEO_PROCESS_ERROR"}
{"level":30,"time":"08:21:31.499","app":"TikTokCrawlerMaster","logger":"MasterWorker","enabled":true,"seedsCount":10,"msg":"MASTER_WORKER_STARTING"}
{"level":30,"time":"08:21:31.499","app":"TikTokCrawlerMaster","logger":"MasterWorker","totalLimit":100,"perWorkerLimit":10,"totalWorkers":10,"msg":"DISTRIBUTING_CRAWL_LIMIT"}
{"level":30,"time":"08:21:31.500","app":"TikTokCrawlerMaster","logger":"MasterWorker","seedUrl":"https://www.tiktok.com/@vtv24news","limit":10,"msg":"SPAWNED_WORKER_FOR_CHANNEL"}
{"level":30,"time":"08:21:31.500","app":"TikTokCrawlerMaster","logger":"MasterWorker","seedUrl":"https://www.tiktok.com/@lattemeomap","limit":10,"msg":"SPAWNED_WORKER_FOR_CHANNEL"}
{"level":30,"time":"08:21:31.500","app":"TikTokCrawlerMaster","logger":"MasterWorker","seedUrl":"https://www.tiktok.com/@_971218","limit":10,"msg":"SPAWNED_WORKER_FOR_CHANNEL"}
{"level":30,"time":"08:21:31.501","app":"TikTokCrawlerMaster","logger":"MasterWorker","seedUrl":"https://www.tiktok.com/@iam_bigboss.ss","limit":10,"msg":"SPAWNED_WORKER_FOR_CHANNEL"}
{"level":30,"time":"08:21:31.502","app":"TikTokCrawlerMaster","logger":"MasterWorker","seedUrl":"https://www.tiktok.com/@nghevanoi","limit":10,"msg":"SPAWNED_WORKER_FOR_CHANNEL"}
{"level":30,"time":"08:21:31.503","app":"TikTokCrawlerMaster","logger":"MasterWorker","seedUrl":"https://www.tiktok.com/@meochanhcho1","limit":10,"msg":"SPAWNED_WORKER_FOR_CHANNEL"}
{"level":30,"time":"08:21:31.504","app":"TikTokCrawlerMaster","logger":"MasterWorker","seedUrl":"https://www.tiktok.com/@mohonaudio0","limit":10,"msg":"SPAWNED_WORKER_FOR_CHANNEL"}
{"level":30,"time":"08:21:31.504","app":"TikTokCrawlerMaster","logger":"MasterWorker","seedUrl":"https://www.tiktok.com/@chuyendong24hnews","limit":10,"msg":"SPAWNED_WORKER_FOR_CHANNEL"}
{"level":30,"time":"08:21:31.505","app":"TikTokCrawlerMaster","logger":"MasterWorker","seedUrl":"https://www.tiktok.com/@theanh28entertainment","limit":10,"msg":"SPAWNED_WORKER_FOR_CHANNEL"}
{"level":30,"time":"08:21:31.505","app":"TikTokCrawlerMaster","logger":"MasterWorker","seedUrl":"https://www.tiktok.com/@bevietnamese1","limit":10,"msg":"SPAWNED_WORKER_FOR_CHANNEL"}
{"level":30,"time":"08:21:31.540","app":"TikTokCrawlerMaster","logger":"Worker-@vtv24news","seedUrl":"https://www.tiktok.com/@vtv24news","limit":10,"crawlIntervalSec":1800,"cleanupIntervalSec":3600,"msg":"CRAWLER_WORKER_STARTED"}
{"level":30,"time":"08:21:31.547","app":"TikTokCrawlerMaster","logger":"Worker-@vtv24news","seedUrl":"https://www.tiktok.com/@vtv24news","limit":10,"msg":"CRAWL_TIKTOK_START"}
{"level":30,"time":"08:21:31.623","app":"TikTokCrawlerMaster","logger":"Worker-@lattemeomap","seedUrl":"https://www.tiktok.com/@lattemeomap","limit":10,"crawlIntervalSec":1800,"cleanupIntervalSec":3600,"msg":"CRAWLER_WORKER_STARTED"}
{"level":30,"time":"08:21:31.640","app":"TikTokCrawlerMaster","logger":"Worker-@_971218","seedUrl":"https://www.tiktok.com/@_971218","limit":10,"crawlIntervalSec":1800,"cleanupIntervalSec":3600,"msg":"CRAWLER_WORKER_STARTED"}
{"level":30,"time":"08:21:31.641","app":"TikTokCrawlerMaster","logger":"Worker-@iam_bigboss.ss","seedUrl":"https://www.tiktok.com/@iam_bigboss.ss","limit":10,"crawlIntervalSec":1800,"cleanupIntervalSec":3600,"msg":"CRAWLER_WORKER_STARTED"}
{"level":30,"time":"08:21:31.647","app":"TikTokCrawlerMaster","logger":"Worker-@meochanhcho1","seedUrl":"https://www.tiktok.com/@meochanhcho1","limit":10,"crawlIntervalSec":1800,"cleanupIntervalSec":3600,"msg":"CRAWLER_WORKER_STARTED"}
{"level":30,"time":"08:21:31.650","app":"TikTokCrawlerMaster","logger":"Worker-@mohonaudio0","seedUrl":"https://www.tiktok.com/@mohonaudio0","limit":10,"crawlIntervalSec":1800,"cleanupIntervalSec":3600,"msg":"CRAWLER_WORKER_STARTED"}
{"level":30,"time":"08:21:31.651","app":"TikTokCrawlerMaster","logger":"Worker-@theanh28entertainment","seedUrl":"https://www.tiktok.com/@theanh28entertainment","limit":10,"crawlIntervalSec":1800,"cleanupIntervalSec":3600,"msg":"CRAWLER_WORKER_STARTED"}
{"level":30,"time":"08:21:31.653","app":"TikTokCrawlerMaster","logger":"Worker-@chuyendong24hnews","seedUrl":"https://www.tiktok.com/@chuyendong24hnews","limit":10,"crawlIntervalSec":1800,"cleanupIntervalSec":3600,"msg":"CRAWLER_WORKER_STARTED"}
{"level":30,"time":"08:21:31.654","app":"TikTokCrawlerMaster","logger":"Worker-@bevietnamese1","seedUrl":"https://www.tiktok.com/@bevietnamese1","limit":10,"crawlIntervalSec":1800,"cleanupIntervalSec":3600,"msg":"CRAWLER_WORKER_STARTED"}
{"level":30,"time":"08:21:31.655","app":"TikTokCrawlerMaster","logger":"Worker-@nghevanoi","seedUrl":"https://www.tiktok.com/@nghevanoi","limit":10,"crawlIntervalSec":1800,"cleanupIntervalSec":3600,"msg":"CRAWLER_WORKER_STARTED"}
{"level":30,"time":"08:21:31.656","app":"TikTokCrawlerMaster","logger":"Worker-@lattemeomap","seedUrl":"https://www.tiktok.com/@lattemeomap","limit":10,"msg":"CRAWL_TIKTOK_START"}
{"level":30,"time":"08:21:31.676","app":"TikTokCrawlerMaster","logger":"Worker-@_971218","seedUrl":"https://www.tiktok.com/@_971218","limit":10,"msg":"CRAWL_TIKTOK_START"}
{"level":30,"time":"08:21:31.732","app":"TikTokCrawlerMaster","logger":"Worker-@iam_bigboss.ss","seedUrl":"https://www.tiktok.com/@iam_bigboss.ss","limit":10,"msg":"CRAWL_TIKTOK_START"}
{"level":30,"time":"08:21:31.785","app":"TikTokCrawlerMaster","logger":"Worker-@meochanhcho1","seedUrl":"https://www.tiktok.com/@meochanhcho1","limit":10,"msg":"CRAWL_TIKTOK_START"}
{"level":30,"time":"08:21:32.133","app":"TikTokCrawlerMaster","logger":"Worker-@mohonaudio0","seedUrl":"https://www.tiktok.com/@mohonaudio0","limit":10,"msg":"CRAWL_TIKTOK_START"}
{"level":30,"time":"08:21:32.314","app":"TikTokCrawlerMaster","logger":"Worker-@theanh28entertainment","seedUrl":"https://www.tiktok.com/@theanh28entertainment","limit":10,"msg":"CRAWL_TIKTOK_START"}
{"level":30,"time":"08:21:32.841","app":"TikTokCrawlerMaster","logger":"Worker-@chuyendong24hnews","seedUrl":"https://www.tiktok.com/@chuyendong24hnews","limit":10,"msg":"CRAWL_TIKTOK_START"}
{"level":30,"time":"08:21:33.415","app":"TikTokCrawlerMaster","logger":"Worker-@bevietnamese1","seedUrl":"https://www.tiktok.com/@bevietnamese1","limit":10,"msg":"CRAWL_TIKTOK_START"}
{"level":30,"time":"08:21:33.716","app":"TikTokCrawlerMaster","logger":"Worker-@nghevanoi","seedUrl":"https://www.tiktok.com/@nghevanoi","limit":10,"msg":"CRAWL_TIKTOK_START"}
{"level":30,"time":"08:27:42.015","app":"TikTokCrawlerMaster","logger":"MasterWorker","enabled":true,"seedsCount":10,"msg":"MASTER_WORKER_STARTING"}
{"level":30,"time":"08:27:42.015","app":"TikTokCrawlerMaster","logger":"MasterWorker","totalLimit":100,"perWorkerLimit":10,"totalWorkers":10,"msg":"DISTRIBUTING_CRAWL_LIMIT"}
{"level":30,"time":"08:27:42.016","app":"TikTokCrawlerMaster","logger":"MasterWorker","seedUrl":"https://www.tiktok.com/@vtv24news","limit":10,"msg":"SPAWNED_WORKER_FOR_CHANNEL"}
{"level":30,"time":"08:27:42.016","app":"TikTokCrawlerMaster","logger":"MasterWorker","seedUrl":"https://www.tiktok.com/@lattemeomap","limit":10,"msg":"SPAWNED_WORKER_FOR_CHANNEL"}
{"level":30,"time":"08:27:42.017","app":"TikTokCrawlerMaster","logger":"MasterWorker","seedUrl":"https://www.tiktok.com/@_971218","limit":10,"msg":"SPAWNED_WORKER_FOR_CHANNEL"}
{"level":30,"time":"08:27:42.018","app":"TikTokCrawlerMaster","logger":"MasterWorker","seedUrl":"https://www.tiktok.com/@iam_bigboss.ss","limit":10,"msg":"SPAWNED_WORKER_FOR_CHANNEL"}
{"level":30,"time":"08:27:42.020","app":"TikTokCrawlerMaster","logger":"MasterWorker","seedUrl":"https://www.tiktok.com/@nghevanoi","limit":10,"msg":"SPAWNED_WORKER_FOR_CHANNEL"}
{"level":30,"time":"08:27:42.021","app":"TikTokCrawlerMaster","logger":"MasterWorker","seedUrl":"https://www.tiktok.com/@meochanhcho1","limit":10,"msg":"SPAWNED_WORKER_FOR_CHANNEL"}
{"level":30,"time":"08:27:42.022","app":"TikTokCrawlerMaster","logger":"MasterWorker","seedUrl":"https://www.tiktok.com/@mohonaudio0","limit":10,"msg":"SPAWNED_WORKER_FOR_CHANNEL"}
{"level":30,"time":"08:27:42.023","app":"TikTokCrawlerMaster","logger":"MasterWorker","seedUrl":"https://www.tiktok.com/@chuyendong24hnews","limit":10,"msg":"SPAWNED_WORKER_FOR_CHANNEL"}
{"level":30,"time":"08:27:42.023","app":"TikTokCrawlerMaster","logger":"MasterWorker","seedUrl":"https://www.tiktok.com/@theanh28entertainment","limit":10,"msg":"SPAWNED_WORKER_FOR_CHANNEL"}
{"level":30,"time":"08:27:42.023","app":"TikTokCrawlerMaster","logger":"MasterWorker","seedUrl":"https://www.tiktok.com/@bevietnamese1","limit":10,"msg":"SPAWNED_WORKER_FOR_CHANNEL"}
{"level":30,"time":"08:27:42.099","app":"TikTokCrawlerMaster","logger":"Worker-@vtv24news","seedUrl":"https://www.tiktok.com/@vtv24news","limit":10,"crawlIntervalSec":1800,"cleanupIntervalSec":3600,"msg":"CRAWLER_WORKER_STARTED"}
{"level":30,"time":"08:27:42.108","app":"TikTokCrawlerMaster","logger":"Worker-@vtv24news","seedUrl":"https://www.tiktok.com/@vtv24news","limit":10,"msg":"CRAWL_TIKTOK_START"}
{"level":30,"time":"08:27:42.157","app":"TikTokCrawlerMaster","logger":"Worker-@lattemeomap","seedUrl":"https://www.tiktok.com/@lattemeomap","limit":10,"crawlIntervalSec":1800,"cleanupIntervalSec":3600,"msg":"CRAWLER_WORKER_STARTED"}
{"level":30,"time":"08:27:42.173","app":"TikTokCrawlerMaster","logger":"Worker-@_971218","seedUrl":"https://www.tiktok.com/@_971218","limit":10,"crawlIntervalSec":1800,"cleanupIntervalSec":3600,"msg":"CRAWLER_WORKER_STARTED"}
{"level":30,"time":"08:27:42.203","app":"TikTokCrawlerMaster","logger":"Worker-@iam_bigboss.ss","seedUrl":"https://www.tiktok.com/@iam_bigboss.ss","limit":10,"crawlIntervalSec":1800,"cleanupIntervalSec":3600,"msg":"CRAWLER_WORKER_STARTED"}
{"level":30,"time":"08:27:42.227","app":"TikTokCrawlerMaster","logger":"Worker-@nghevanoi","seedUrl":"https://www.tiktok.com/@nghevanoi","limit":10,"crawlIntervalSec":1800,"cleanupIntervalSec":3600,"msg":"CRAWLER_WORKER_STARTED"}
{"level":30,"time":"08:27:42.243","app":"TikTokCrawlerMaster","logger":"Worker-@meochanhcho1","seedUrl":"https://www.tiktok.com/@meochanhcho1","limit":10,"crawlIntervalSec":1800,"cleanupIntervalSec":3600,"msg":"CRAWLER_WORKER_STARTED"}
{"level":30,"time":"08:27:42.247","app":"TikTokCrawlerMaster","logger":"Worker-@mohonaudio0","seedUrl":"https://www.tiktok.com/@mohonaudio0","limit":10,"crawlIntervalSec":1800,"cleanupIntervalSec":3600,"msg":"CRAWLER_WORKER_STARTED"}
{"level":30,"time":"08:27:42.249","app":"TikTokCrawlerMaster","logger":"Worker-@chuyendong24hnews","seedUrl":"https://www.tiktok.com/@chuyendong24hnews","limit":10,"crawlIntervalSec":1800,"cleanupIntervalSec":3600,"msg":"CRAWLER_WORKER_STARTED"}
{"level":30,"time":"08:27:42.252","app":"TikTokCrawlerMaster","logger":"Worker-@theanh28entertainment","seedUrl":"https://www.tiktok.com/@theanh28entertainment","limit":10,"crawlIntervalSec":1800,"cleanupIntervalSec":3600,"msg":"CRAWLER_WORKER_STARTED"}
{"level":30,"time":"08:27:42.292","app":"TikTokCrawlerMaster","logger":"Worker-@bevietnamese1","seedUrl":"https://www.tiktok.com/@bevietnamese1","limit":10,"crawlIntervalSec":1800,"cleanupIntervalSec":3600,"msg":"CRAWLER_WORKER_STARTED"}
{"level":30,"time":"08:27:42.293","app":"TikTokCrawlerMaster","logger":"Worker-@lattemeomap","seedUrl":"https://www.tiktok.com/@lattemeomap","limit":10,"msg":"CRAWL_TIKTOK_START"}
{"level":30,"time":"08:27:42.374","app":"TikTokCrawlerMaster","logger":"Worker-@_971218","seedUrl":"https://www.tiktok.com/@_971218","limit":10,"msg":"CRAWL_TIKTOK_START"}
{"level":30,"time":"08:27:42.389","app":"TikTokCrawlerMaster","logger":"Worker-@iam_bigboss.ss","seedUrl":"https://www.tiktok.com/@iam_bigboss.ss","limit":10,"msg":"CRAWL_TIKTOK_START"}
{"level":30,"time":"08:27:42.413","app":"TikTokCrawlerMaster","logger":"Worker-@nghevanoi","seedUrl":"https://www.tiktok.com/@nghevanoi","limit":10,"msg":"CRAWL_TIKTOK_START"}
{"level":30,"time":"08:27:42.616","app":"TikTokCrawlerMaster","logger":"Worker-@meochanhcho1","seedUrl":"https://www.tiktok.com/@meochanhcho1","limit":10,"msg":"CRAWL_TIKTOK_START"}
{"level":30,"time":"08:27:42.881","app":"TikTokCrawlerMaster","logger":"Worker-@mohonaudio0","seedUrl":"https://www.tiktok.com/@mohonaudio0","limit":10,"msg":"CRAWL_TIKTOK_START"}
{"level":30,"time":"08:27:43.203","app":"TikTokCrawlerMaster","logger":"Worker-@chuyendong24hnews","seedUrl":"https://www.tiktok.com/@chuyendong24hnews","limit":10,"msg":"CRAWL_TIKTOK_START"}
{"level":30,"time":"08:27:43.428","app":"TikTokCrawlerMaster","logger":"Worker-@theanh28entertainment","seedUrl":"https://www.tiktok.com/@theanh28entertainment","limit":10,"msg":"CRAWL_TIKTOK_START"}
{"level":30,"time":"08:27:43.441","app":"TikTokCrawlerMaster","logger":"Worker-@bevietnamese1","seedUrl":"https://www.tiktok.com/@bevietnamese1","limit":10,"msg":"CRAWL_TIKTOK_START"}
{"level":50,"time":"08:28:08.230","app":"TikTokCrawlerMaster","logger":"TikTokCrawl","url":"https://www.tiktok.com/@mohonaudio0/video/7631175282589715733","err":"Video too large to compress: 41.69MB > 10MB","msg":"VIDEO_PROCESS_ERROR"}
{"level":50,"time":"08:28:48.317","app":"TikTokCrawlerMaster","logger":"TikTokCrawl","url":"https://www.tiktok.com/@meochanhcho1/video/7631428089498602759","err":"Compression failed: Size still too large (7.14MB)","msg":"VIDEO_PROCESS_ERROR"}
{"level":50,"time":"08:28:48.943","app":"TikTokCrawlerMaster","logger":"TikTokCrawl","url":"https://www.tiktok.com/@vtv24news/video/7631403804197424405","err":"Compression failed: Size still too large (5.31MB)","msg":"VIDEO_PROCESS_ERROR"}
{"level":50,"time":"08:28:52.175","app":"TikTokCrawlerMaster","logger":"TikTokCrawl","url":"https://www.tiktok.com/@mohonaudio0/video/7631058830473923860","err":"Video too large to compress: 52.17MB > 10MB","msg":"VIDEO_PROCESS_ERROR"}
{"level":50,"time":"08:29:09.893","app":"TikTokCrawlerMaster","logger":"TikTokCrawl","url":"https://www.tiktok.com/@meochanhcho1/video/7631176970214149384","err":"Video too large to compress: 17.16MB > 10MB","msg":"VIDEO_PROCESS_ERROR"}
{"level":50,"time":"08:29:12.029","app":"TikTokCrawlerMaster","logger":"TikTokCrawl","url":"https://www.tiktok.com/@mohonaudio0/video/7631038806786968852","err":"Video too large to compress: 29.63MB > 10MB","msg":"VIDEO_PROCESS_ERROR"}
{"level":50,"time":"08:29:32.461","app":"TikTokCrawlerMaster","logger":"TikTokCrawl","url":"https://www.tiktok.com/@meochanhcho1/video/7631076636766637330","err":"Video too large to compress: 10.88MB > 10MB","msg":"VIDEO_PROCESS_ERROR"}
{"level":50,"time":"08:29:37.157","app":"TikTokCrawlerMaster","logger":"TikTokCrawl","url":"https://www.tiktok.com/@mohonaudio0/video/7630317669236952340","err":"Video too large to compress: 32.72MB > 10MB","msg":"VIDEO_PROCESS_ERROR"}
{"level":50,"time":"08:30:04.990","app":"TikTokCrawlerMaster","logger":"TikTokCrawl","url":"https://www.tiktok.com/@bevietnamese1/video/7631126636129209607","err":"Compression failed: Size still too large (5.86MB)","msg":"VIDEO_PROCESS_ERROR"}
{"level":50,"time":"08:30:08.258","app":"TikTokCrawlerMaster","logger":"TikTokCrawl","url":"https://www.tiktok.com/@chuyendong24hnews/video/7631415438378814721","err":"Compression failed: Size still too large (5.40MB)","msg":"VIDEO_PROCESS_ERROR"}
{"level":50,"time":"08:30:12.934","app":"TikTokCrawlerMaster","logger":"TikTokCrawl","url":"https://www.tiktok.com/@meochanhcho1/video/7630776737529482503","err":"Video too large to compress: 10.99MB > 10MB","msg":"VIDEO_PROCESS_ERROR"}
{"level":50,"time":"08:30:16.869","app":"TikTokCrawlerMaster","logger":"TikTokCrawl","url":"https://www.tiktok.com/@mohonaudio0/video/7630303453327166740","err":"Video too large to compress: 33.19MB > 10MB","msg":"VIDEO_PROCESS_ERROR"}
{"level":50,"time":"08:30:52.152","app":"TikTokCrawlerMaster","logger":"TikTokCrawl","url":"https://www.tiktok.com/@mohonaudio0/video/7630273179730136341","err":"Video too large to compress: 32.18MB > 10MB","msg":"VIDEO_PROCESS_ERROR"}
{"level":50,"time":"08:30:55.426","app":"TikTokCrawlerMaster","logger":"TikTokCrawl","url":"https://www.tiktok.com/@vtv24news/video/7631403110132387092","err":"Compression failed: Size still too large (5.19MB)","msg":"VIDEO_PROCESS_ERROR"}
{"level":50,"time":"08:31:13.299","app":"TikTokCrawlerMaster","logger":"TikTokCrawl","url":"https://www.tiktok.com/@meochanhcho1/video/7630695601398615314","err":"Video too large to compress: 12.88MB > 10MB","msg":"VIDEO_PROCESS_ERROR"}
{"level":50,"time":"08:31:21.437","app":"TikTokCrawlerMaster","logger":"TikTokCrawl","url":"https://www.tiktok.com/@mohonaudio0/video/7630010599254265109","err":"Video too large to compress: 40.87MB > 10MB","msg":"VIDEO_PROCESS_ERROR"}
{"level":50,"time":"08:31:45.531","app":"TikTokCrawlerMaster","logger":"TikTokCrawl","url":"https://www.tiktok.com/@meochanhcho1/video/7630409691570490631","err":"Video too large to compress: 10.46MB > 10MB","msg":"VIDEO_PROCESS_ERROR"}
{"level":50,"time":"08:31:56.692","app":"TikTokCrawlerMaster","logger":"TikTokCrawl","url":"https://www.tiktok.com/@vtv24news/video/7631412404534021397","err":"Video too large to compress: 10.41MB > 10MB","msg":"VIDEO_PROCESS_ERROR"}
{"level":50,"time":"08:31:57.373","app":"TikTokCrawlerMaster","logger":"TikTokCrawl","url":"https://www.tiktok.com/@mohonaudio0/video/7629947196963622164","err":"Video too large to compress: 38.69MB > 10MB","msg":"VIDEO_PROCESS_ERROR"}
{"level":50,"time":"08:32:18.939","app":"TikTokCrawlerMaster","logger":"TikTokCrawl","url":"https://www.tiktok.com/@meochanhcho1/video/7630299650414677256","err":"Video too large to compress: 10.77MB > 10MB","msg":"VIDEO_PROCESS_ERROR"}
{"level":30,"time":"08:32:23.192","app":"TikTokCrawlerMaster","logger":"Worker-@iam_bigboss.ss","seedUrl":"https://www.tiktok.com/@iam_bigboss.ss","savedCount":10,"msg":"CRAWL_TIKTOK_COMPLETE"}
{"level":30,"time":"08:32:23.352","app":"TikTokCrawlerMaster","logger":"Worker-@lattemeomap","seedUrl":"https://www.tiktok.com/@lattemeomap","savedCount":10,"msg":"CRAWL_TIKTOK_COMPLETE"}
{"level":30,"time":"08:32:25.666","app":"TikTokCrawlerMaster","logger":"Worker-@_971218","seedUrl":"https://www.tiktok.com/@_971218","savedCount":10,"msg":"CRAWL_TIKTOK_COMPLETE"}
{"level":30,"time":"08:32:28.152","app":"TikTokCrawlerMaster","logger":"Worker-@nghevanoi","seedUrl":"https://www.tiktok.com/@nghevanoi","savedCount":10,"msg":"CRAWL_TIKTOK_COMPLETE"}
{"level":50,"time":"08:32:29.189","app":"TikTokCrawlerMaster","logger":"TikTokCrawl","url":"https://www.tiktok.com/@mohonaudio0/video/7629934806515682581","err":"Video too large to compress: 43.21MB > 10MB","msg":"VIDEO_PROCESS_ERROR"}
{"level":30,"time":"08:32:34.645","app":"TikTokCrawlerMaster","logger":"Worker-@theanh28entertainment","seedUrl":"https://www.tiktok.com/@theanh28entertainment","savedCount":10,"msg":"CRAWL_TIKTOK_COMPLETE"}
{"level":50,"time":"08:32:49.731","app":"TikTokCrawlerMaster","logger":"TikTokCrawl","url":"https://www.tiktok.com/@bevietnamese1/video/7631067181807144213","err":"Compression failed: Size still too large (5.35MB)","msg":"VIDEO_PROCESS_ERROR"}
{"level":50,"time":"08:33:08.602","app":"TikTokCrawlerMaster","logger":"TikTokCrawl","url":"https://www.tiktok.com/@mohonaudio0/video/7629710153541094676","err":"Video too large to compress: 49.49MB > 10MB","msg":"VIDEO_PROCESS_ERROR"}
{"level":30,"time":"08:33:10.134","app":"TikTokCrawlerMaster","logger":"Worker-@mohonaudio0","seedUrl":"https://www.tiktok.com/@mohonaudio0","savedCount":0,"msg":"CRAWL_TIKTOK_COMPLETE"}
{"level":50,"time":"08:33:24.762","app":"TikTokCrawlerMaster","logger":"TikTokCrawl","url":"https://www.tiktok.com/@chuyendong24hnews/video/7631212851188878600","err":"Compression failed: Size still too large (5.82MB)","msg":"VIDEO_PROCESS_ERROR"}
{"level":50,"time":"08:33:30.948","app":"TikTokCrawlerMaster","logger":"TikTokCrawl","url":"https://www.tiktok.com/@vtv24news/video/7631400705814744321","err":"Compression failed: Size still too large (6.28MB)","msg":"VIDEO_PROCESS_ERROR"}
{"level":50,"time":"08:33:56.037","app":"TikTokCrawlerMaster","logger":"TikTokCrawl","url":"https://www.tiktok.com/@meochanhcho1/video/7630032780600151303","err":"Compression failed: Size still too large (6.98MB)","msg":"VIDEO_PROCESS_ERROR"}
{"level":30,"time":"08:33:57.098","app":"TikTokCrawlerMaster","logger":"Worker-@meochanhcho1","seedUrl":"https://www.tiktok.com/@meochanhcho1","savedCount":2,"msg":"CRAWL_TIKTOK_COMPLETE"}
{"level":30,"time":"08:34:41.308","app":"TikTokCrawlerMaster","logger":"Worker-@bevietnamese1","seedUrl":"https://www.tiktok.com/@bevietnamese1","savedCount":8,"msg":"CRAWL_TIKTOK_COMPLETE"}
{"level":30,"time":"08:34:42.133","app":"TikTokCrawlerMaster","logger":"Worker-@vtv24news","seedUrl":"https://www.tiktok.com/@vtv24news","savedCount":6,"msg":"CRAWL_TIKTOK_COMPLETE"}
{"level":50,"time":"08:35:00.491","app":"TikTokCrawlerMaster","logger":"TikTokCrawl","url":"https://www.tiktok.com/@chuyendong24hnews/video/7631200491925409031","err":"Compression failed: Size still too large (6.46MB)","msg":"VIDEO_PROCESS_ERROR"}
{"level":30,"time":"08:35:08.462","app":"TikTokCrawlerMaster","logger":"Worker-@chuyendong24hnews","seedUrl":"https://www.tiktok.com/@chuyendong24hnews","savedCount":7,"msg":"CRAWL_TIKTOK_COMPLETE"}
